// Jest Snapshot v1, https://goo.gl/fbAQLP

exports[`SearchForm renders correctly 1`] = `
<DocumentFragment>
  <div
    class="search-form"
  >
    <input
      type="text"
      value="Liverpool"
    />
    <button
      class="search-form__submit-button"
      type="submit"
    >
      Search
    </button>
  </div>
</DocumentFragment>
`;
